
> mi-proyecto-testing@1.0.0 test
> npm run build && jasmine --config=spec/support/jasmine.json


> mi-proyecto-testing@1.0.0 build
> tsc

config/jasmine-setup.ts(44,19): error TS7017: Element implicitly has an 'any' type because type 'typeof globalThis' has no index signature.
config/jasmine-setup.ts(46,16): error TS7017: Element implicitly has an 'any' type because type 'typeof globalThis' has no index signature.
